Microsoft (R) Macro Assembler Version 6.11		    12/11/18 19:03:04
Ex_5_2.asm						     Page 1 - 1


 0000				CODE SEGMENT 'CODE'
				    ASSUME CS:CODE
 0000				START:
				    ; INIT DISPLAY
 0000  B0 FF			    MOV AL, 0FFH
 0002  E6 24				OUT 24H, AL
 0004				INPUT_WMODE:
				    ; IF SW1 6== 1, WRITE WORKING MODE
 0004  E4 12			    IN AL, 12H  ; READ HIGHER 8 DIGITS (SW23~16) FROM SWITCH
 0006  A8 01			    TEST AL, 01H
 0008  74 FA			    JZ INPUT_WMODE  ; SW16 == 0
				    ; S20~S18 = M2~M0 ; S17 = BCD
 000A  D0 E8			    SHR AL, 1 ; NOW AL = D7..D4 M2 M1 M0 BCD
 000C  0C 30			    OR AL, 00110000B ; NOW AL = D7D6 RW1 RW0 M2..M0 BCD
 000E  24 3F			    AND AL, 00111111B ; LET D7D6=00 TO SELECT T/C0
 0010  E6 46			    OUT 46H, AL ; WIRTE WMODE
				    
 0012				INPUT_INITIAL_VALUE:
 0012  E4 12			    IN AL, 12H
 0014  A8 20			    TEST AL, 00100000B  ; IF SW21 == 1, WRITE INITIAL VALUE
 0016  74 FA			    JZ INPUT_INITIAL_VALUE  ; SW21 == 0
 0018  E5 10			    IN AX, 10H  ; READ LOWER 16 DIGITS (SW15~SW0) FROM SWITCH
 001A  E6 40			    OUT 40H, AL ; INIT COUNTER #0, LOWER BYTE FIRST
 001C  8A C4			    MOV AL, AH
 001E  E6 40			    OUT 40H, AL
 0020  B0 FF			    MOV AL, 0FFH
 0022  E6 24				OUT 24H, AL
 0024				R_BACK:
 0024  B0 FF			    MOV AL, 0FFH
 0026  E6 24				OUT 24H, AL
 0028  E4 12			    IN AL, 12H
 002A  A8 40			    TEST AL, 01000000B
 002C  74 14			    JZ READ_CUR_COUNT   ; SW22 == 0
				; SW22 == 1
 002E				LOCK_STATE:
 002E  B0 FF			    MOV AL, 0FFH
 0030  E6 24				OUT 24H, AL
 0032  B0 E2			    MOV AL, 11100010B
 0034  E6 46			    OUT 46H, AL
 0036  E4 40			    IN AL, 40H  ; READ STATE
 0038  32 E4			    XOR AH, AH
 003A  E7 20			    OUT 20H, AX ; DISPLAY
 003C  24 80			    AND AL, 80H
 003E  E6 02			    OUT 02H, AL ; DISPLAY OUT ON RLED7
 0040  EB E2			    JMP R_BACK

 0042				READ_CUR_COUNT:
 0042  B0 FF			    MOV AL, 0FFH
 0044  E6 24				OUT 24H, AL
 0046  B0 D2			    MOV AL, 11010010B   ; READ CUR COUNT FROM COUNTER #0
 0048  E6 46			    OUT 46H, AL
 004A  E4 40			    IN AL, 40H  ; READ TWICE
 004C  8A D8			    MOV BL, AL
 004E  E4 40			    IN AL, 40H
 0050  8A F8			    MOV BH, AL
 0052  93			    XCHG BX, AX
 0053  E7 20			    OUT 20H, AX ; DISPLAY
 0055  EB CD			    JMP R_BACK
 0057  EB CB			JMP R_BACK

 0059				CODE ENDS
				    END START
Microsoft (R) Macro Assembler Version 6.11		    12/11/18 19:03:04
Ex_5_2.asm						     Symbols 2 - 1




Segments and Groups:

                N a m e                 Size     Length   Align   Combine Class

CODE . . . . . . . . . . . . . .	16 Bit	 0059	  Para	  Private 'CODE'	


Symbols:

                N a m e                 Type     Value    Attr

INPUT_INITIAL_VALUE  . . . . . .	L Near	 0012	  CODE	
INPUT_WMODE  . . . . . . . . . .	L Near	 0004	  CODE	
LOCK_STATE . . . . . . . . . . .	L Near	 002E	  CODE	
READ_CUR_COUNT . . . . . . . . .	L Near	 0042	  CODE	
R_BACK . . . . . . . . . . . . .	L Near	 0024	  CODE	
START  . . . . . . . . . . . . .	L Near	 0000	  CODE	

	   0 Warnings
	   0 Errors
